// Jest Snapshot v1, https://goo.gl/fbAQLP

exports[`Page404 should match snapshot 1`] = `
<section
  className="Page404"
>
  <h2>
    404 Page Not Found
  </h2>
</section>
`;
