// Jest Snapshot v1, https://goo.gl/fbAQLP

exports[`HaikuDetails should match snapshot 1`] = `
<section
  className="HaikuDetails"
>
  <h2>
    Edit Your Haiku
  </h2>
  <Connect(HaikuForm)
    id={1}
    title="Title"
  />
</section>
`;
