// Jest Snapshot v1, https://goo.gl/fbAQLP

exports[`HamburgerIcon should match snapshot 1`] = `
<button
  className="Hamburger"
>
  <i
    className="fas fa-bars"
  />
</button>
`;
