// Jest Snapshot v1, https://goo.gl/fbAQLP

exports[`EditHaiku should match snapshot 1`] = `
<section
  className="EditHaiku"
>
  <h2>
    Edit Your Haiku
  </h2>
  <Connect(HaikuForm)
    id={1}
    redirect={[Function]}
    title="Title"
  />
</section>
`;
