// Jest Snapshot v1, https://goo.gl/fbAQLP

exports[`BackBtn should match snapshot 1`] = `
<button
  className="back-btn"
  onClick={[MockFunction]}
>
  Back
</button>
`;
