// Jest Snapshot v1, https://goo.gl/fbAQLP

exports[`SearchIcon should match snapshot 1`] = `
<button
  className="SearchIcon"
  onClick={[MockFunction]}
  tabindex={[MockFunction]}
>
  <i
    className="fas fa-search"
  />
</button>
`;
